
--- STAGE 1: CONCEPT & INTAKE (SRV-001) ---
[SRV-001] Sending task (model: nvidia/nemotron-3-ultra-550b-a55b:free, temp: 0.15)...
Saved artifact to C:\Users\Luma Chrisparr\Desktop\AthenaOS\jobs\b356410101464d72b777a1194b66efa8\08_Memory\ceo_intake_decision.json
Stage 1 Complete. CEO decision: CONDITIONAL
Job stopped: intake: The concept 'The Witches of Wyrmwood Moor' demonstrates strong strategic fit with Athena's mission: it occupies a commercially viable niche (Shakespearean folk horror) with a compelling high-concept hook (witches as architects of fate rather than predictors) and a memorable tagline. The tragic arc of a soldier ensnared by manufactured prophecy aligns with our quality mandate for narrative depth. However, the mandated 4-chapter structure presents a critical viability risk. Without a defined target format (novella vs. novel) and word-count parameters, we cannot assess resource allocation, production scheduling, or market positioning (pricing, category placement). A 4-chapter novel implies ~20k-25k words per chapter (80-100k total), which is structurally unusual and risks pacing issues; a 4-chapter novella (~20-40k total) is standard but requires a different go-to-market strategy. Furthermore, the 'darker cousin to Macbeth' positioning requires a clear differentiation strategy to avoid derivative perception in a crowded retelling market.

--- STAGE 1: CONCEPT & INTAKE (SRV-001) ---
[SRV-001] Sending task (model: nvidia/nemotron-3-ultra-550b-a55b:free, temp: 0.15)...
Saved artifact to C:\Users\Luma Chrisparr\Desktop\AthenaOS\jobs\b356410101464d72b777a1194b66efa8\08_Memory\ceo_intake_decision.json
Stage 1 Complete. CEO decision: CONDITIONAL
Job stopped: intake: Strong strategic fit: Shakespeare horror is a growing subgenre with proven audience (e.g., 'The Tragedy of Macbeth' adaptations, folk horror renaissance). The core hook—witches as architects rather than prophets—subverts the source material compellingly. Tagline is market-ready. However, 'exactly 4 chapters including ending' signals a novella (15k–25k words), not a novel. This changes production economics, marketing positioning, and pricing strategy. Must confirm format intent and ensure the 4-chapter structure carries sufficient narrative weight for a satisfying arc. Also requires differentiation proof beyond 'darker Macbeth' to avoid derivative perception.

--- STAGE 1: CONCEPT & INTAKE (SRV-001) ---
Saved artifact to C:\Users\Luma Chrisparr\Desktop\AthenaOS\jobs\b356410101464d72b777a1194b66efa8\08_Memory\intake_brief.json
[SRV-001] Sending task (model: nvidia/nemotron-3-ultra-550b-a55b:free, temp: 0.15)...
Error calling model API: Connection error.
[RETRY 1/3] Connection error.. Waiting 2.0s...
[SRV-001] Sending task (model: nvidia/nemotron-3-ultra-550b-a55b:free, temp: 0.15)...
Error calling model API: Connection error.
[RETRY 2/3] Connection error.. Waiting 4.0s...
[SRV-001] Sending task (model: nvidia/nemotron-3-ultra-550b-a55b:free, temp: 0.15)...
Error calling model API: Connection error.
Job stopped: Connection error.
