
--- STAGE 1: CONCEPT & INTAKE (SRV-001) ---
Saved artifact to C:\Users\Luma Chrisparr\Desktop\AthenaOS\jobs\b116983137fc4fecbf014d0b3a38e78e\08_Memory\intake_brief.json
[SRV-001] Sending task (model: google/gemma-4-e4b, temp: 0.15)...
Saved artifact to C:\Users\Luma Chrisparr\Desktop\AthenaOS\jobs\b116983137fc4fecbf014d0b3a38e78e\08_Memory\ceo_intake_decision.json
Intake decision: APPROVED

--- PHASE 1: STORY ARCHITECTURE (SRV-002) ---
[SRV-002] Sending task (model: google/gemma-4-e4b, temp: 0.15)...
Saved artifact to C:\Users\Luma Chrisparr\Desktop\AthenaOS\jobs\b116983137fc4fecbf014d0b3a38e78e\08_Memory\outline.json
Phase 1 Complete. Triggered event: OutlineCompleted

--- PHASE 2: CHARACTER PSYCHOLOGY (SRV-003) ---
[SRV-003] Sending task (model: google/gemma-4-e4b, temp: 0.5)...
Saved artifact to C:\Users\Luma Chrisparr\Desktop\AthenaOS\jobs\b116983137fc4fecbf014d0b3a38e78e\08_Memory\psychology.json
Phase 2 Complete. Triggered event: CharacterPsychologyComplete

--- PHASE 3: WORLD BUILDING (SRV-004) ---
[SRV-004] Sending task (model: google/gemma-4-e4b, temp: 0.5)...
Error: Model did not output valid JSON for story_bible.json: Expecting value: line 84 column 87 (char 8261)
Saved raw output to C:\Users\Luma Chrisparr\Desktop\AthenaOS\jobs\b116983137fc4fecbf014d0b3a38e78e\08_Memory\story_bible.json.raw

--- PHASE 3: WORLD BUILDING (SRV-004) ---
[SRV-004] Sending task (model: google/gemma-4-e4b, temp: 0.5)...
Saved artifact to C:\Users\Luma Chrisparr\Desktop\AthenaOS\jobs\b116983137fc4fecbf014d0b3a38e78e\08_Memory\story_bible.json
Saved artifact to C:\Users\Luma Chrisparr\Desktop\AthenaOS\jobs\b116983137fc4fecbf014d0b3a38e78e\08_Memory\story_bible_initial.json
Phase 3 Complete. Triggered event: WorldPlanningCompleted

--- PHASE: VOICE CALIBRATION (SRV-028) ---
[SRV-028] Sending task (model: google/gemma-4-e4b, temp: 0.9)...
Voice Calibration Complete. Saved to 08_Memory/voice_sample.md

=== Chapter 1, Attempt 1/3 ===

--- CHAPTER 1: PROSE DRAFTING (SRV-005) ---
[SRV-005] Sending task (model: google/gemma-4-e4b, temp: 0.75)...
Saved artifact to C:\Users\Luma Chrisparr\Desktop\AthenaOS\jobs\b116983137fc4fecbf014d0b3a38e78e\08_Memory\chapter_01.json
Chapter 1 Draft Complete. Triggered event: DraftCompleted

--- CHAPTER 1: VOICE VARIATION (SRV-027) ---
[SRV-027] Sending task (model: google/gemma-4-e4b, temp: 0.9)...
Saved artifact to C:\Users\Luma Chrisparr\Desktop\AthenaOS\jobs\b116983137fc4fecbf014d0b3a38e78e\08_Memory\chapter_01_varied.json
Phase 4b Complete. Voice variation applied to Chapter 1.

--- CHAPTER 1: DIALOGUE AUDIT (SRV-013) ---
[SRV-013] Sending task (model: google/gemma-4-e4b, temp: 0.75)...
Dialogue audit complete for Chapter 1.

--- CHAPTER 1: DIALOGUE REWRITE (SRV-005) ---
[SRV-005] Sending task (model: google/gemma-4-e4b, temp: 0.75)...
Error: Model did not output valid JSON for chapter_01_varied.json: Expecting value: line 1 column 1 (char 0)
Saved raw output to C:\Users\Luma Chrisparr\Desktop\AthenaOS\jobs\b116983137fc4fecbf014d0b3a38e78e\08_Memory\chapter_01_varied.json.raw

=== Chapter 1, Attempt 1/3 ===

--- CHAPTER 1: PROSE DRAFTING (SRV-005) ---
[SRV-005] Sending task (model: google/gemma-4-e4b, temp: 0.75)...
Error: Model did not output valid JSON for chapter_01.json: Expecting value: line 1 column 1 (char 0)
Saved raw output to C:\Users\Luma Chrisparr\Desktop\AthenaOS\jobs\b116983137fc4fecbf014d0b3a38e78e\08_Memory\chapter_01.json.raw

=== Chapter 1, Attempt 1/3 ===

--- CHAPTER 1: PROSE DRAFTING (SRV-005) ---
[SRV-005] Sending task (model: google/gemma-4-e4b, temp: 0.75)...
Error: Model did not output valid JSON for chapter_01.json: Expecting value: line 1 column 1 (char 0)
Saved raw output to C:\Users\Luma Chrisparr\Desktop\AthenaOS\jobs\b116983137fc4fecbf014d0b3a38e78e\08_Memory\chapter_01.json.raw
Job stopped: Invalid JSON for chapter_01.json; raw response saved.

=== Chapter 1, Attempt 1/3 ===

--- CHAPTER 1: PROSE DRAFTING (SRV-005) ---
[SRV-005] Sending task (model: google/gemma-4-e4b, temp: 0.75)...
Error: Model did not output valid JSON for chapter_01.json: Expecting value: line 1 column 1 (char 0)
Saved raw output to C:\Users\Luma Chrisparr\Desktop\AthenaOS\jobs\b116983137fc4fecbf014d0b3a38e78e\08_Memory\chapter_01.json.raw

=== Chapter 1, Attempt 1/3 ===

--- CHAPTER 1: PROSE DRAFTING (SRV-005) ---
[SRV-005] Sending task (model: google/gemma-4-e4b, temp: 0.75)...
Error: Model did not output valid JSON for chapter_01.json: Expecting value: line 1 column 1 (char 0)
Saved raw output to C:\Users\Luma Chrisparr\Desktop\AthenaOS\jobs\b116983137fc4fecbf014d0b3a38e78e\08_Memory\chapter_01.json.raw

=== Chapter 1, Attempt 1/3 ===

--- CHAPTER 1: PROSE DRAFTING (SRV-005) ---
[SRV-005] Sending task (model: google/gemma-4-e4b, temp: 0.75)...
Error: Model did not output valid JSON for chapter_01.json: Expecting value: line 1 column 1 (char 0)
Saved raw output to C:\Users\Luma Chrisparr\Desktop\AthenaOS\jobs\b116983137fc4fecbf014d0b3a38e78e\08_Memory\chapter_01.json.raw
Job stopped: Invalid JSON for chapter_01.json; raw response saved.
